// Jest Snapshot v1, https://goo.gl/fbAQLP

exports[`should match snapshot 1`] = `"[{\\"type\\":\\"error\\",\\"severity\\":\\"danger\\",\\"url\\":\\"https://example.com/foo/bar.baz\\",\\"reason\\":\\"Foo\\\\nBar\\\\\\"Baz\\\\\\"\\",\\"referredBy\\":[\\"https://example.com\\"]}]"`;
